Copyright 1986-2023 Xilinx, Inc. All Rights Reserved.
----------------------------------------------------------------------------------------------------------------------------------------------------------------------------------------------------------------------------------------
| Tool Version : Vivado v.2022.2.2 (lin64) Build 3788238 Tue Feb 21 19:59:23 MST 2023
| Date         : Fri Jun 28 11:03:41 2024
| Host         : nags27 running 64-bit Ubuntu 20.04.6 LTS
| Command      : report_accelerator_utilization -kernels { setup_aie:top_i/ulp/setup_aie_0/inst:setup_aie_0 sink_from_aie:top_i/ulp/sink_from_aie_0/inst:sink_from_aie_0} -file kernel_util_synthed.rpt -name kernel_util_synthed -json
| Design       : top_wrapper
| Device       : xcvc1902
| Design State : Synthesized
----------------------------------------------------------------------------------------------------------------------------------------------------------------------------------------------------------------------------------------

Accelerator Utilization Design Information

Table of Contents
-----------------
1. System Utilization

1. System Utilization
---------------------

+---------------------+-------------------+------------------+------------------+---------------+---------------+
| Name                | REG               | LUT              | LUTAsMem         | BRAM          | URAM          |
+---------------------+-------------------+------------------+------------------+---------------+---------------+
| Platform            |   33293 [  1.85%] |  23110 [  2.57%] |   2248 [  0.50%] |  32 [  3.31%] |   0 [  0.00%] |
| User Budget         | 1766387 [100.00%] | 876730 [100.00%] | 447672 [100.00%] | 935 [100.00%] | 463 [100.00%] |
|    Used Resources   |    3321 [  0.19%] |   3063 [  0.35%] |    665 [  0.15%] |   2 [  0.21%] |   0 [  0.00%] |
|    Unused Resources | 1763066 [ 99.81%] | 873667 [ 99.65%] | 447007 [ 99.85%] | 933 [ 99.79%] | 463 [100.00%] |
| setup_aie           |    1748 [  0.10%] |   1615 [  0.18%] |    277 [  0.06%] |   2 [  0.21%] |   0 [  0.00%] |
|    setup_aie_0      |    1748 [  0.10%] |   1615 [  0.18%] |    277 [  0.06%] |   2 [  0.21%] |   0 [  0.00%] |
| sink_from_aie       |    1573 [  0.09%] |   1448 [  0.17%] |    388 [  0.09%] |   0 [  0.00%] |   0 [  0.00%] |
|    sink_from_aie_0  |    1573 [  0.09%] |   1448 [  0.17%] |    388 [  0.09%] |   0 [  0.00%] |   0 [  0.00%] |
+---------------------+-------------------+------------------+------------------+---------------+---------------+


