Copyright 1986-2023 Xilinx, Inc. All Rights Reserved.
--------------------------------------------------------------------------------------------------------------------------------------------------------------------------------------------------------------------------------------
| Tool Version : Vivado v.2022.2.2 (lin64) Build 3788238 Tue Feb 21 19:59:23 MST 2023
| Date         : Fri Jun 28 11:57:36 2024
| Host         : nags27 running 64-bit Ubuntu 20.04.6 LTS
| Command      : report_accelerator_utilization -kernels { setup_aie:top_i/ulp/setup_aie_0/inst:setup_aie_0 sink_from_aie:top_i/ulp/sink_from_aie_0/inst:sink_from_aie_0} -file kernel_util_placed.rpt -name kernel_util_placed -json
| Design       : top_wrapper
| Device       : xcvc1902
| Design State : Fully Placed
--------------------------------------------------------------------------------------------------------------------------------------------------------------------------------------------------------------------------------------

Accelerator Utilization Design Information

Table of Contents
-----------------
1. System Utilization

1. System Utilization
---------------------

+---------------------+-------------------+------------------+------------------+---------------+---------------+
| Name                | REG               | LUT              | LUTAsMem         | BRAM          | URAM          |
+---------------------+-------------------+------------------+------------------+---------------+---------------+
| Platform            |   29837 [  1.66%] |  19811 [  2.20%] |   2122 [  0.47%] |  32 [  3.31%] |   0 [  0.00%] |
| User Budget         | 1769843 [100.00%] | 880029 [100.00%] | 447798 [100.00%] | 935 [100.00%] | 463 [100.00%] |
|    Used Resources   |    3315 [  0.19%] |   2975 [  0.34%] |    617 [  0.14%] |   2 [  0.21%] |   0 [  0.00%] |
|    Unused Resources | 1766528 [ 99.81%] | 877054 [ 99.66%] | 447181 [ 99.86%] | 933 [ 99.79%] | 463 [100.00%] |
| setup_aie           |    1745 [  0.10%] |   1590 [  0.18%] |    277 [  0.06%] |   2 [  0.21%] |   0 [  0.00%] |
|    setup_aie_0      |    1745 [  0.10%] |   1590 [  0.18%] |    277 [  0.06%] |   2 [  0.21%] |   0 [  0.00%] |
| sink_from_aie       |    1570 [  0.09%] |   1385 [  0.16%] |    340 [  0.08%] |   0 [  0.00%] |   0 [  0.00%] |
|    sink_from_aie_0  |    1570 [  0.09%] |   1385 [  0.16%] |    340 [  0.08%] |   0 [  0.00%] |   0 [  0.00%] |
+---------------------+-------------------+------------------+------------------+---------------+---------------+


