

================================================================
== Vitis HLS Report for 'sink_from_aie_Pipeline_VITIS_LOOP_24_1'
================================================================
* Date:           Fri Jun 28 08:29:52 2024

* Version:        2022.2.2 (Build 3779808 on Feb 17 2023)
* Project:        sink_from_aie
* Solution:       solution (Vitis Kernel Flow Target)
* Product family: versal
* Target device:  xcvc1902-vsvd1760-2MP-e-S


================================================================
== Performance Estimates
================================================================
+ Timing: 
    * Summary: 
    +--------+---------+----------+------------+
    |  Clock |  Target | Estimated| Uncertainty|
    +--------+---------+----------+------------+
    |ap_clk  |  3.33 ns|  2.433 ns|     0.90 ns|
    +--------+---------+----------+------------+

+ Latency: 
    * Summary: 
    +---------+---------+----------+----------+-----+-----+---------+
    |  Latency (cycles) |  Latency (absolute) |  Interval | Pipeline|
    |   min   |   max   |    min   |    max   | min | max |   Type  |
    +---------+---------+----------+----------+-----+-----+---------+
    |        ?|        ?|         ?|         ?|    ?|    ?|       no|
    +---------+---------+----------+----------+-----+-----+---------+

    + Detail: 
        * Instance: 
        N/A

        * Loop: 
        +-------------------+---------+---------+----------+-----------+-----------+------+----------+
        |                   |  Latency (cycles) | Iteration|  Initiation Interval  | Trip |          |
        |     Loop Name     |   min   |   max   |  Latency |  achieved |   target  | Count| Pipelined|
        +-------------------+---------+---------+----------+-----------+-----------+------+----------+
        |- VITIS_LOOP_24_1  |        ?|        ?|         2|          1|          1|     ?|       yes|
        +-------------------+---------+---------+----------+-----------+-----------+------+----------+



================================================================
== Utilization Estimates
================================================================
* Summary: 
+-----------------+---------+------+---------+--------+-----+
|       Name      | BRAM_18K|  DSP |    FF   |   LUT  | URAM|
+-----------------+---------+------+---------+--------+-----+
|DSP              |        -|     -|        -|       -|    -|
|Expression       |        -|     -|        0|      65|    -|
|FIFO             |        -|     -|        -|       -|    -|
|Instance         |        -|     -|        -|       -|    -|
|Memory           |        -|     -|        -|       -|    -|
|Multiplexer      |        -|     -|        -|      66|    -|
|Register         |        -|     -|       66|       -|    -|
+-----------------+---------+------+---------+--------+-----+
|Total            |        0|     0|       66|     131|    0|
+-----------------+---------+------+---------+--------+-----+
|Available        |     1934|  1968|  1799680|  899840|  463|
+-----------------+---------+------+---------+--------+-----+
|Utilization (%)  |        0|     0|       ~0|      ~0|    0|
+-----------------+---------+------+---------+--------+-----+

+ Detail: 
    * Instance: 
    N/A

    * DSP: 
    N/A

    * Memory: 
    N/A

    * FIFO: 
    N/A

    * Expression: 
    +----------------------------------+----------+----+---+----+------------+------------+
    |           Variable Name          | Operation| DSP| FF| LUT| Bitwidth P0| Bitwidth P1|
    +----------------------------------+----------+----+---+----+------------+------------+
    |add_ln24_fu_100_p2                |         +|   0|  0|  31|          31|           1|
    |ap_block_pp0_stage0_01001         |       and|   0|  0|   2|           1|           1|
    |ap_block_state1_pp0_stage0_iter0  |       and|   0|  0|   2|           1|           1|
    |ap_ext_blocking_cur_n             |       and|   0|  0|   2|           1|           0|
    |ap_ext_blocking_n                 |       and|   0|  0|   2|           1|           2|
    |ap_int_blocking_n                 |       and|   0|  0|   2|           2|           2|
    |ap_str_blocking_cur_n             |       and|   0|  0|   2|           1|           0|
    |ap_str_blocking_n                 |       and|   0|  0|   2|           1|           2|
    |icmp_ln24_fu_116_p2               |      icmp|   0|  0|  16|          32|          32|
    |ap_block_pp0_stage0_11001         |        or|   0|  0|   2|           1|           1|
    |ap_enable_pp0                     |       xor|   0|  0|   2|           1|           2|
    +----------------------------------+----------+----+---+----+------------+------------+
    |Total                             |          |   0|  0|  65|          73|          44|
    +----------------------------------+----------+----+---+----+------------+------------+

    * Multiplexer: 
    +--------------------------+----+-----------+-----+-----------+
    |           Name           | LUT| Input Size| Bits| Total Bits|
    +--------------------------+----+-----------+-----+-----------+
    |ap_done_int               |   2|          2|    1|          2|
    |ap_enable_reg_pp0_iter1   |   2|          2|    1|          2|
    |ap_sig_allocacmp_i_load   |  29|          2|   31|         62|
    |gmem1_blk_n_W             |   2|          2|    1|          2|
    |i_fu_58                   |  29|          2|   31|         62|
    |input_stream_TDATA_blk_n  |   2|          2|    1|          2|
    +--------------------------+----+-----------+-----+-----------+
    |Total                     |  66|         12|   66|        132|
    +--------------------------+----+-----------+-----+-----------+

    * Register: 
    +-------------------------+----+----+-----+-----------+
    |           Name          | FF | LUT| Bits| Const Bits|
    +-------------------------+----+----+-----+-----------+
    |ap_CS_fsm                |   1|   0|    1|          0|
    |ap_done_reg              |   1|   0|    1|          0|
    |ap_enable_reg_pp0_iter1  |   1|   0|    1|          0|
    |i_fu_58                  |  31|   0|   31|          0|
    |x_reg_142                |  32|   0|   32|          0|
    +-------------------------+----+----+-----+-----------+
    |Total                    |  66|   0|   66|          0|
    +-------------------------+----+----+-----+-----------+



================================================================
== Interface
================================================================
* Summary: 
+----------------------+-----+-----+------------+----------------------------------------+--------------+
|       RTL Ports      | Dir | Bits|  Protocol  |              Source Object             |    C Type    |
+----------------------+-----+-----+------------+----------------------------------------+--------------+
|ap_clk                |   in|    1|  ap_ctrl_hs|  sink_from_aie_Pipeline_VITIS_LOOP_24_1|  return value|
|ap_rst                |   in|    1|  ap_ctrl_hs|  sink_from_aie_Pipeline_VITIS_LOOP_24_1|  return value|
|ap_start              |   in|    1|  ap_ctrl_hs|  sink_from_aie_Pipeline_VITIS_LOOP_24_1|  return value|
|ap_done               |  out|    1|  ap_ctrl_hs|  sink_from_aie_Pipeline_VITIS_LOOP_24_1|  return value|
|ap_idle               |  out|    1|  ap_ctrl_hs|  sink_from_aie_Pipeline_VITIS_LOOP_24_1|  return value|
|ap_ready              |  out|    1|  ap_ctrl_hs|  sink_from_aie_Pipeline_VITIS_LOOP_24_1|  return value|
|ap_ext_blocking_n     |  out|    1|  ap_ctrl_hs|  sink_from_aie_Pipeline_VITIS_LOOP_24_1|  return value|
|ap_str_blocking_n     |  out|    1|  ap_ctrl_hs|  sink_from_aie_Pipeline_VITIS_LOOP_24_1|  return value|
|ap_int_blocking_n     |  out|    1|  ap_ctrl_hs|  sink_from_aie_Pipeline_VITIS_LOOP_24_1|  return value|
|input_stream_TVALID   |   in|    1|        axis|                            input_stream|       pointer|
|input_stream_TDATA    |   in|   32|        axis|                            input_stream|       pointer|
|input_stream_TREADY   |  out|    1|        axis|                            input_stream|       pointer|
|m_axi_gmem1_AWVALID   |  out|    1|       m_axi|                                   gmem1|       pointer|
|m_axi_gmem1_AWREADY   |   in|    1|       m_axi|                                   gmem1|       pointer|
|m_axi_gmem1_AWADDR    |  out|   64|       m_axi|                                   gmem1|       pointer|
|m_axi_gmem1_AWID      |  out|    1|       m_axi|                                   gmem1|       pointer|
|m_axi_gmem1_AWLEN     |  out|   32|       m_axi|                                   gmem1|       pointer|
|m_axi_gmem1_AWSIZE    |  out|    3|       m_axi|                                   gmem1|       pointer|
|m_axi_gmem1_AWBURST   |  out|    2|       m_axi|                                   gmem1|       pointer|
|m_axi_gmem1_AWLOCK    |  out|    2|       m_axi|                                   gmem1|       pointer|
|m_axi_gmem1_AWCACHE   |  out|    4|       m_axi|                                   gmem1|       pointer|
|m_axi_gmem1_AWPROT    |  out|    3|       m_axi|                                   gmem1|       pointer|
|m_axi_gmem1_AWQOS     |  out|    4|       m_axi|                                   gmem1|       pointer|
|m_axi_gmem1_AWREGION  |  out|    4|       m_axi|                                   gmem1|       pointer|
|m_axi_gmem1_AWUSER    |  out|    1|       m_axi|                                   gmem1|       pointer|
|m_axi_gmem1_WVALID    |  out|    1|       m_axi|                                   gmem1|       pointer|
|m_axi_gmem1_WREADY    |   in|    1|       m_axi|                                   gmem1|       pointer|
|m_axi_gmem1_WDATA     |  out|   32|       m_axi|                                   gmem1|       pointer|
|m_axi_gmem1_WSTRB     |  out|    4|       m_axi|                                   gmem1|       pointer|
|m_axi_gmem1_WLAST     |  out|    1|       m_axi|                                   gmem1|       pointer|
|m_axi_gmem1_WID       |  out|    1|       m_axi|                                   gmem1|       pointer|
|m_axi_gmem1_WUSER     |  out|    1|       m_axi|                                   gmem1|       pointer|
|m_axi_gmem1_ARVALID   |  out|    1|       m_axi|                                   gmem1|       pointer|
|m_axi_gmem1_ARREADY   |   in|    1|       m_axi|                                   gmem1|       pointer|
|m_axi_gmem1_ARADDR    |  out|   64|       m_axi|                                   gmem1|       pointer|
|m_axi_gmem1_ARID      |  out|    1|       m_axi|                                   gmem1|       pointer|
|m_axi_gmem1_ARLEN     |  out|   32|       m_axi|                                   gmem1|       pointer|
|m_axi_gmem1_ARSIZE    |  out|    3|       m_axi|                                   gmem1|       pointer|
|m_axi_gmem1_ARBURST   |  out|    2|       m_axi|                                   gmem1|       pointer|
|m_axi_gmem1_ARLOCK    |  out|    2|       m_axi|                                   gmem1|       pointer|
|m_axi_gmem1_ARCACHE   |  out|    4|       m_axi|                                   gmem1|       pointer|
|m_axi_gmem1_ARPROT    |  out|    3|       m_axi|                                   gmem1|       pointer|
|m_axi_gmem1_ARQOS     |  out|    4|       m_axi|                                   gmem1|       pointer|
|m_axi_gmem1_ARREGION  |  out|    4|       m_axi|                                   gmem1|       pointer|
|m_axi_gmem1_ARUSER    |  out|    1|       m_axi|                                   gmem1|       pointer|
|m_axi_gmem1_RVALID    |   in|    1|       m_axi|                                   gmem1|       pointer|
|m_axi_gmem1_RREADY    |  out|    1|       m_axi|                                   gmem1|       pointer|
|m_axi_gmem1_RDATA     |   in|   32|       m_axi|                                   gmem1|       pointer|
|m_axi_gmem1_RLAST     |   in|    1|       m_axi|                                   gmem1|       pointer|
|m_axi_gmem1_RID       |   in|    1|       m_axi|                                   gmem1|       pointer|
|m_axi_gmem1_RFIFONUM  |   in|    9|       m_axi|                                   gmem1|       pointer|
|m_axi_gmem1_RUSER     |   in|    1|       m_axi|                                   gmem1|       pointer|
|m_axi_gmem1_RRESP     |   in|    2|       m_axi|                                   gmem1|       pointer|
|m_axi_gmem1_BVALID    |   in|    1|       m_axi|                                   gmem1|       pointer|
|m_axi_gmem1_BREADY    |  out|    1|       m_axi|                                   gmem1|       pointer|
|m_axi_gmem1_BRESP     |   in|    2|       m_axi|                                   gmem1|       pointer|
|m_axi_gmem1_BID       |   in|    1|       m_axi|                                   gmem1|       pointer|
|m_axi_gmem1_BUSER     |   in|    1|       m_axi|                                   gmem1|       pointer|
|sext_ln24             |   in|   62|     ap_none|                               sext_ln24|        scalar|
|size                  |   in|   32|     ap_none|                                    size|        scalar|
+----------------------+-----+-----+------------+----------------------------------------+--------------+

